---
source: tests/snapshots/diagnostics.rs
expression: sanitized
---
ms doctor - Health Checks

Checking lock status... [ok] No lock held
Checking database... [ok] OK
Checking Git archive... [ok] OK
Checking db/archive skill-id agreement... [ok] OK (0 skills)
Checking skill source origins... [ok] OK (0 tracked)
Checking transactions... [ok] OK

[ok] All checks passed
